
concord - coordinate conversion program (version 0.0 dated 1 Jan 1970)

Input coordinates:  World Geodetic System 1984

Output coordinates: New Zealand Geodetic Datum 2000
Conversion from WGS84 to NZGD2000 is risky as WGS84 is ambiguous,
don't expect this to be very accurate

ID              Latitude        Longitude   Height          Latitude        Longitude   Height
BB3L      45 17 15.938 S  168 43 26.476 E   153.66    45 17 15.938 S  168 43 26.476 E   153.66 SS 7K 22 SO 30955
BDQ7      41 16 40.896 S  174 43 41.184 E   290.16    41 16 40.896 S  174 43 41.184 E   290.16 RM IV DP 67708
BDQ8      38 17 02.387 S  181 15 34.999 W   181.49    38 17 02.387 S  178 44 25.001 E   181.49 SS 6K18 SO 32647
BDQ8A     38 17 02.387 S  178 44 25.001 E   181.49    38 17 02.387 S  178 44 25.001 E   181.49 4    SS 6K18 SO 32647
BDQ9      38 17 27.762 S  171 44 53.391 E   257.60    38 17 27.762 S  171 44 53.391 E   257.60 SS 3J26 SO 32645
NOTNZ     20 17 27.762 S  130 44 53.391 E   257.60    20 17 27.762 S  130 44 53.391 E   257.60 SS 3J26 SO 32645
TEST      40 00 00.000 S  170 00 00.000 E     0.00    40 00 00.000 S  170 00 00.000 E     0.00 Test
**** Error reading data for point TEST2 ****  TEST2  40 80 00.000000 S 170 00 00.000000 E     0.0000 Test
**** Error reading data for point TEST2 ****  TEST2  40 00.000000 S 170 00 00.000000 E     0.0000 Test
**** Error reading data for point TEST ****  TEST   40 00 00.000000 S 170 00 00.000000 E     Test

7 coordinates converted
3 errors occurred reading or converting coordinates
