BB3L     168 43 25.956978 E   45 17 16.027806 S SS 7K 22 SO 30955
BDQ7     174 43 40.661415 E   41 16 40.991005 S RM IV DP 67708
BDQ8     178 44 24.475540 E   38 17 02.485531 S SS 6K18 SO 32647
BDQ8A    178 44 24.475540 E   38 17 02.485531 S 4    SS 6K18 SO 32647
BDQ9     171 44 52.866876 E   38 17 27.862579 S SS 3J26 SO 32645
NOTNZ    130 44 52.853759 E   20 17 27.902852 S SS 3J26 SO 32645
TEST     169 59 59.476961 E   40 00 00.098751 S Test
**** Error reading data for point TEST2 ****  TEST2  40 80 00.000000 S 170 00 00.000000 E     0.0000 Test
**** Error reading data for point TEST2 ****  TEST2  40 00.000000 S 170 00 00.000000 E     0.0000 Test
**** Error reading data for point TEST ****  TEST   40 00 00.000000 S 170 00 00.000000 E     Test
