BB3L     1266497.0059  4980485.1018
BDQ7     1746622.9729  5432013.6813
**** Coordinate range error for point BDQ8 ****  BDQ8   -38.25 181.25
BDQ8A    2103314.4345  5750781.4211
BDQ9     1490624.9072  5765707.6638
POINT    1639148.5929  6086271.2611
POINT    1750447.5390  5918140.9639
POINT    1777439.1966  5752704.4727
POINT    1941440.8794  5652096.0237
POINT    1683265.6278  5661222.6693
POINT    1823714.1601  5567483.5651
POINT    1858834.5800  5409697.8218
POINT    1630014.0340  5505181.0794
POINT    1473478.2408  5334957.6718
POINT    1575880.1096  5312788.3506
POINT    1596364.2437  5149973.3807
POINT    1395086.6638  5216689.0241
POINT    1467340.4027  5089397.2027
POINT    1396902.2224  4918154.0898
POINT    1317533.1413  5143979.1742
POINT    1135992.3536  4974284.8274
POINT    1274882.0581  4817459.0809
POINT    1179379.3722  4762618.1520
POINT    1902805.8325  5808246.9071
POINT    1867280.4864  5699432.8858
POINT    2000347.5051  5844344.0669
POINT    1714572.9421  5254775.7832
POINT    1304431.0419  5306592.8916
POINT    1512370.0156  4910280.7988
POINT    1062835.1744  5151683.7196
POINT    1070042.1040  4815640.1102
