NZGD2000 deformation model tests

NZGD: -36.200000000 174.500000000 0.0000
Epoch: 2000.0
ITRF:  -36.199999918  174.499999957    -0.0157

NZGD: -36.200000000 174.500000000 0.0000
Epoch: 2010.0
ITRF:  -36.199996237  174.500000554    -0.0103

NZGD: -36.200000000 174.500000000 0.0000
Epoch: 2015.0
ITRF:  -36.199994397  174.500000853    -0.0076

# Reverse patch

NZGD: -46.310000000 172.260000000 0.0000
Epoch: 2000.0
ITRF:  -46.309999945  172.260000099    -0.0194

NZGD: -46.310000000 172.260000000 0.0000
Epoch: 2010.0
ITRF:  -46.309997072  172.259995194    -0.0161

NZGD: -46.310000000 172.260000000 0.0000
Epoch: 2011.0
ITRF:  -46.309996788  172.259994676    -0.0157

NZGD: -46.310000000 172.260000000 0.0000
Epoch: 2011.4
ITRF:  -46.309996674  172.259994479    -0.0155

NZGD: -46.310000000 172.260000000 0.0000
Epoch: 2012.0
ITRF:  -46.309996502  172.259994187    -0.0153

NZGD: -46.310000000 172.260000000 0.0000
Epoch: 2015.0
ITRF:  -46.309995646  172.259992748    -0.0145

# Patch with ramp

NZGD: -45.870000000 166.470000000 0.0000
Epoch: 2000.0
ITRF:  -45.869995028  166.470016975     0.1079

NZGD: -45.870000000 166.470000000 0.0000
Epoch: 2004.0
ITRF:  -45.869993666  166.470015964     0.1054

NZGD: -45.870000000 166.470000000 0.0000
Epoch: 2005.0
ITRF:  -45.869993211  166.470015795     0.1012

NZGD: -45.870000000 166.470000000 0.0000
Epoch: 2008.0
ITRF:  -45.869992172  166.470015046     0.1016

NZGD: -45.870000000 166.470000000 0.0000
Epoch: 2009.8
ITRF:  -45.869995537  166.470000783     0.0067

NZGD: -45.870000000 166.470000000 0.0000
Epoch: 2010.0
ITRF:  -45.869995567  166.470000388     0.0044

NZGD: -45.870000000 166.470000000 0.0000
Epoch: 2010.5
ITRF:  -45.869995641  166.469999400    -0.0014

NZGD: -45.870000000 166.470000000 0.0000
Epoch: 2012.0
ITRF:  -45.869995697  166.469997016    -0.0149

NZGD: -45.870000000 166.470000000 0.0000
Epoch: 2015.0
ITRF:  -45.869994640  166.469996284    -0.0139

# Forward patch

NZGD: -41.700000000 174.160000000 0.0000
Epoch: 2013.0
ITRF:  -41.699995934  174.159996441    -0.0122

NZGD: -41.700000000 174.160000000 0.0000
Epoch: 2014.0
ITRF:  -41.699993453  174.159998600     0.1625
